// Jest Snapshot v1, https://goo.gl/fbAQLP

exports[`renders correctly 1`] = `
<View
  style={
    Object {
      "flex": 1,
      "flexDirection": "column",
      "justifyContent": "flex-end",
    }
  }
>
  <View
    style={
      Object {
        "alignSelf": "flex-start",
        "flexGrow": 0,
      }
    }
  />
  <View
    style={
      Object {
        "backgroundColor": undefined,
        "flex": undefined,
      }
    }
  />
  <View
    style={
      Object {
        "flex": 0.2,
      }
    }
  >
    <Text
      accessible={true}
      allowFontScaling={true}
      ellipsizeMode="tail"
    >
      test
    </Text>
  </View>
</View>
`;
