// Jest Snapshot v1, https://goo.gl/fbAQLP

exports[`renders isActive 1`] = `
<View
  style={
    Object {
      "margin": 10,
    }
  }
>
  <View
    accessibilityComponentType={undefined}
    accessibilityLabel={undefined}
    accessibilityTraits={undefined}
    accessible={true}
    hasTVPreferredFocus={undefined}
    hitSlop={undefined}
    isTVSelectable={true}
    nativeID={undefined}
    onLayout={undefined}
    onResponderGrant={[Function]}
    onResponderMove={[Function]}
    onResponderRelease={[Function]}
    onResponderTerminate={[Function]}
    onResponderTerminationRequest={[Function]}
    onStartShouldSetResponder={[Function]}
    style={
      Array [
        Object {
          "backgroundColor": "transparent",
        },
        Array [
          Object {
            "backgroundColor": "#5A8282",
            "borderRadius": 10,
            "justifyContent": "center",
            "minWidth": 140,
            "padding": 10,
          },
          Object {
            "backgroundColor": "#CD7734",
          },
        ],
      ]
    }
    testID={undefined}
    tvParallaxProperties={undefined}
  >
    <Text
      accessible={true}
      allowFontScaling={true}
      ellipsizeMode="tail"
      style={
        Object {
          "color": "#FFF",
          "fontSize": 18,
        }
      }
    >
      Croissant
    </Text>
  </View>
</View>
`;
